// Jest Snapshot v1, https://goo.gl/fbAQLP

exports[`Card test suite should match snapshot 1`] = `
<div
  className="w-1/5 p-3 transform hover:-translate-y-2 ease-in-out duration-200 transition-translate"
>
  <div
    className="overflow-hidden"
    style={
      Object {
        "borderRadius": 20,
        "height": 200,
      }
    }
  >
    <img
      alt=""
      className="object-cover"
      src="https://image.tmdb.org/t/p/w500test image"
    />
  </div>
  <a
    href="/movie/1"
    onClick={[Function]}
  >
    <p
      className="mt-5 text-xl font-semibold cursor-pointer"
      data-testid="movie_name"
    >
      terminator
    </p>
  </a>
  <div
    className="mt-1 text-sm tracking-wider flex items-center"
    style={
      Object {
        "color": "rgba(255, 255, 255, 0.8)",
      }
    }
  >
    <span
      className="mr-6"
    >
      2020
    </span>
    <p>
      Adventure, Comedy
    </p>
  </div>
  <div
    className="mt-3 text-sm tracking-wider flex items-center"
  >
    <svg
      className="mr-2"
      fill="none"
      height="16"
      width="16"
      xmlns="http://www.w3.org/2000/svg"
    >
      <path
        d="M8 1.333l2.06 4.174 4.607.673-3.334 3.247.787 4.586L8 11.847l-4.12 2.166.787-4.586L1.333 6.18l4.607-.673L8 1.333z"
        fill="#FF6F41"
      />
    </svg>
    <p
      className="mr-1"
    >
      7.8
    </p>
    <p
      style={
        Object {
          "color": "rgba(255, 255, 255, 0.5)",
        }
      }
    >
      (
      7
      )
    </p>
  </div>
</div>
`;
